
> crewport@0.1.0 build
> npm run build:ocr && next build


> crewport@0.1.0 build:ocr
> cd modules/ocr-extractor && npm run build && cd ../..


> @crewport/ocr-extractor@1.0.0 build
> tsc

Ôû▓ Next.js 16.1.1 (Turbopack)
- Environments: .env

  Creating an optimized production build ...
Ô£ô Compiled successfully in 7.1s
  Running TypeScript ...
node.exe : Failed to compile.
At line:1 char:1
+ & "C:\Program Files\nodejs/node.exe" "C:\Program Files\nodejs/node_mo ...
+ ~~~~~~~~~~~~~~~~~~~~~~~~~~~~~~~~~~~~~~~~~~~~~~~~~~~~~~~~~~~~~~~~~~~~~
    + CategoryInfo          : NotSpecified: (Failed to compile.:String) [], Re 
   moteException
    + FullyQualifiedErrorId : NativeCommandError
 

./app/api/dashboard/victualling/consolidated/route.ts:48:10
Type error: Parameter 'c' implicitly has an 'any' type.

[0m [90m 46 |[39m       [90m// Filter for VICTUALLING type[39m
 [90m 47 |[39m       [36mconst[39m currentMonthConsumptions [33m=[39m 
allCurrentMonthConsumptions[33m.[39mfilter(
[31m[1m>[22m[39m[90m 48 |[39m         (c) [33m=>[39m 
c[33m.[39minventory_items[33m?[39m[33m.[39minventory_type [33m===[39m 
[32m'VICTUALLING'[39m
 [90m    |[39m          [31m[1m^[22m[39m
 [90m 49 |[39m       )[33m;[39m
 [90m 50 |[39m
 [90m 51 |[39m       [90m// Get consumption data for previous month (for 
opening balance)[39m[0m
Next.js build worker exited with code: 1 and signal: null
